// Jest Snapshot v1, https://goo.gl/fbAQLP

exports[`should render an expense item 1`] = `
<div>
  <Link
    replace={false}
    to="/edit/1"
  >
    <h3>
      gum
    </h3>
  </Link>
  <p>
    Amount: 
    195
    , created at: 
    0
  </p>
</div>
`;
